---
source: crates/__project_name__/tests/cli.rs
expression: stdout
---
TODO: one-line description of __project_name__

Usage: __project_name__ <COMMAND>

Commands:
  greet  Print a greeting
  help   Print this message or the help of the given subcommand(s)

Options:
  -h, --help     Print help
  -V, --version  Print version
